[preview.themeforest.net/item/superlist-directory-template/full_screen_preview/126236311f7b.html]
[backblue.gif]
[fade.gif]
[index.html]
[public-assets.envato-static.com/assets/market/core/index-a23f7f2dd592d3928d0c7365f8386c4310a63d0ffe2e72a92ec9a83aaadeb17c.css]
[public-assets.envato-static.com/assets/market/pages/preview/index-6da503d08aa5f43ac39ce104f6cabc796ea21e19547d1d8b441cb073c2e88d01.css]
[public-assets.envato-static.com/icons/themeforest.net/apple-touch-icon-72x72-precomposed.png]
[public-assets.envato-static.com/icons/themeforest.net/apple-touch-icon-114x114-precomposed.png]
[public-assets.envato-static.com/icons/themeforest.net/apple-touch-icon-144x144-precomposed.png]
[public-assets.envato-static.com/icons/themeforest.net/apple-touch-icon-precomposed.png]
[public-assets.envato-static.com/assets/market/pages/full_screen_preview/index-ba03fe683c1229f0f7c115fd29e13bc81bb7823a6a9256a7b7651d1178f9ba54.js]
[www.google-analytics.com/analytics.js]
[s.pinimg.com/ct/core.js]
[preview.themeforest.net/item/superlist-directory-template/full_screen_preview/126236311f7b.html]
[preview.themeforest.net/item/superlist-directory-template/full_screen_preview/&quot;http_/preview.byaviators.com/descriptions/superlist-html/descri..._]
[public-assets.envato-static.com/assets/common/pagination_loader-8c6a70768e3d8135995dbd27307cb84e746eaa49ac295ffff4a86c3dec16a4e5.gif]
[public-assets.envato-static.com/assets/market/core/index-a23f7f2dd592d3928d0c7365f8386c4310a63d0ffe2e72a92ec9a83aaadeb17c.css]
[public-assets.envato-static.com/assets/market/pages/preview/index-6da503d08aa5f43ac39ce104f6cabc796ea21e19547d1d8b441cb073c2e88d01.css]
[preview.themeforest.net/item/superlist-directory-template/full_screen_preview/linkid.js]
